Archive member included because of file (symbol)

c:/winavr-20100110/bin/../lib/gcc/avr/4.3.3/avr5\libgcc.a(_mulsi3.o)
                              ./01-Source/01-MCAL/05-PWM1/source/PWM1.o (__mulsi3)
c:/winavr-20100110/bin/../lib/gcc/avr/4.3.3/avr5\libgcc.a(_udivmodqi4.o)
                              ./01-Source/02-HAL/04-SSD/source/SSD.o (__udivmodqi4)
c:/winavr-20100110/bin/../lib/gcc/avr/4.3.3/avr5\libgcc.a(_udivmodhi4.o)
                              ./01-Source/02-HAL/07-SSD_3bits/source/SSD_3bits.o (__udivmodhi4)
c:/winavr-20100110/bin/../lib/gcc/avr/4.3.3/avr5\libgcc.a(_udivmodsi4.o)
                              ./01-Source/03-Services/SCM/source/SCM.o (__udivmodsi4)
c:/winavr-20100110/bin/../lib/gcc/avr/4.3.3/avr5\libgcc.a(_exit.o)
                              c:/winavr-20100110/bin/../lib/gcc/avr/4.3.3/../../../../avr/lib/avr5/crtm32.o (exit)
c:/winavr-20100110/bin/../lib/gcc/avr/4.3.3/avr5\libgcc.a(_copy_data.o)
                              ./01-Source/04-Application/main.o (__do_copy_data)
c:/winavr-20100110/bin/../lib/gcc/avr/4.3.3/avr5\libgcc.a(_clear_bss.o)
                              ./01-Source/04-Application/main.o (__do_clear_bss)
c:/winavr-20100110/bin/../lib/gcc/avr/4.3.3/avr5\libgcc.a(_fixunssfsi.o)
                              ./01-Source/02-HAL/10-Servo/source/servo.o (__fixunssfsi)
c:/winavr-20100110/bin/../lib/gcc/avr/4.3.3/avr5\libgcc.a(_addsub_sf.o)
                              ./01-Source/02-HAL/05-LCD/source/lcd.o (__subsf3)
c:/winavr-20100110/bin/../lib/gcc/avr/4.3.3/avr5\libgcc.a(_mul_sf.o)
                              ./01-Source/02-HAL/10-Servo/source/servo.o (__mulsf3)
c:/winavr-20100110/bin/../lib/gcc/avr/4.3.3/avr5\libgcc.a(_div_sf.o)
                              ./01-Source/02-HAL/06-LM35/source/LM35.o (__divsf3)
c:/winavr-20100110/bin/../lib/gcc/avr/4.3.3/avr5\libgcc.a(_ge_sf.o)
                              c:/winavr-20100110/bin/../lib/gcc/avr/4.3.3/avr5\libgcc.a(_fixunssfsi.o) (__gesf2)
c:/winavr-20100110/bin/../lib/gcc/avr/4.3.3/avr5\libgcc.a(_si_to_sf.o)
                              ./01-Source/01-MCAL/04-TIMER0/source/TIMER0.o (__floatsisf)
c:/winavr-20100110/bin/../lib/gcc/avr/4.3.3/avr5\libgcc.a(_sf_to_si.o)
                              c:/winavr-20100110/bin/../lib/gcc/avr/4.3.3/avr5\libgcc.a(_fixunssfsi.o) (__fixsfsi)
c:/winavr-20100110/bin/../lib/gcc/avr/4.3.3/avr5\libgcc.a(_thenan_sf.o)
                              c:/winavr-20100110/bin/../lib/gcc/avr/4.3.3/avr5\libgcc.a(_addsub_sf.o) (__thenan_sf)
c:/winavr-20100110/bin/../lib/gcc/avr/4.3.3/avr5\libgcc.a(_usi_to_sf.o)
                              ./01-Source/02-HAL/10-Servo/source/servo.o (__floatunsisf)
c:/winavr-20100110/bin/../lib/gcc/avr/4.3.3/avr5\libgcc.a(_prologue.o)
                              c:/winavr-20100110/bin/../lib/gcc/avr/4.3.3/avr5\libgcc.a(_addsub_sf.o) (__prologue_saves__)
c:/winavr-20100110/bin/../lib/gcc/avr/4.3.3/avr5\libgcc.a(_epilogue.o)
                              c:/winavr-20100110/bin/../lib/gcc/avr/4.3.3/avr5\libgcc.a(_addsub_sf.o) (__epilogue_restores__)
c:/winavr-20100110/bin/../lib/gcc/avr/4.3.3/avr5\libgcc.a(_clzsi2.o)
                              c:/winavr-20100110/bin/../lib/gcc/avr/4.3.3/avr5\libgcc.a(_si_to_sf.o) (__clzsi2)
c:/winavr-20100110/bin/../lib/gcc/avr/4.3.3/avr5\libgcc.a(_pack_sf.o)
                              c:/winavr-20100110/bin/../lib/gcc/avr/4.3.3/avr5\libgcc.a(_addsub_sf.o) (__pack_f)
c:/winavr-20100110/bin/../lib/gcc/avr/4.3.3/avr5\libgcc.a(_unpack_sf.o)
                              c:/winavr-20100110/bin/../lib/gcc/avr/4.3.3/avr5\libgcc.a(_addsub_sf.o) (__unpack_f)
c:/winavr-20100110/bin/../lib/gcc/avr/4.3.3/avr5\libgcc.a(_fpcmp_parts_sf.o)
                              c:/winavr-20100110/bin/../lib/gcc/avr/4.3.3/avr5\libgcc.a(_ge_sf.o) (__fpcmp_parts_f)
c:/winavr-20100110/bin/../lib/gcc/avr/4.3.3/avr5\libgcc.a(_clz.o)
                              c:/winavr-20100110/bin/../lib/gcc/avr/4.3.3/avr5\libgcc.a(_clzsi2.o) (__clz_tab)

Allocating common symbols
Common symbol       size              file

tick_time           0x4               ./01-Source/01-MCAL/04-TIMER0/source/TIMER0.o
funcptr             0x2               ./01-Source/01-MCAL/04-TIMER0/source/TIMER0.o
Task_Array          0x3c              ./01-Source/03-Services/SCM/source/SCM.o

Memory Configuration

Name             Origin             Length             Attributes
text             0x00000000         0x00020000         xr
data             0x00800060         0x0000ffa0         rw !x
eeprom           0x00810000         0x00010000         rw !x
fuse             0x00820000         0x00000400         rw !x
lock             0x00830000         0x00000400         rw !x
signature        0x00840000         0x00000400         rw !x
*default*        0x00000000         0xffffffff

Linker script and memory map

LOAD c:/winavr-20100110/bin/../lib/gcc/avr/4.3.3/../../../../avr/lib/avr5/crtm32.o
LOAD ./01-Source/04-Application/main.o
LOAD ./01-Source/03-Services/SCM/source/SCM.o
LOAD ./01-Source/02-HAL/11-Ultrasonic/source/ultrasonic.o
LOAD ./01-Source/02-HAL/10-Servo/source/servo.o
LOAD ./01-Source/02-HAL/09-HC-05/source/HC-05.o
LOAD ./01-Source/02-HAL/08-Motor_driver/source/Motor_driver.o
LOAD ./01-Source/02-HAL/07-SSD_3bits/source/SSD_3bits.o
LOAD ./01-Source/02-HAL/06-LM35/source/LM35.o
LOAD ./01-Source/02-HAL/05-LCD/source/lcd.o
LOAD ./01-Source/02-HAL/04-SSD/source/SSD.o
LOAD ./01-Source/02-HAL/03-Buzzer/source/Buzzer.o
LOAD ./01-Source/02-HAL/02-Relay/source/Relay.o
LOAD ./01-Source/02-HAL/01-Button/source/Button.o
LOAD ./01-Source/02-HAL/00-LED/source/Led.o
LOAD ./01-Source/01-MCAL/10-TIMER2/source/timer2.o
LOAD ./01-Source/01-MCAL/09-EEPROM/source/EEPROM.o
LOAD ./01-Source/01-MCAL/08-I2C/source/I2C.o
LOAD ./01-Source/01-MCAL/07-SPI/source/SPI.o
LOAD ./01-Source/01-MCAL/06-UART/source/UART.o
LOAD ./01-Source/01-MCAL/05-PWM1/source/PWM1.o
LOAD ./01-Source/01-MCAL/04-TIMER0/source/TIMER0.o
LOAD ./01-Source/01-MCAL/03-ADC/source/ADC.o
LOAD ./01-Source/01-MCAL/02-GINT/socure/GINT.o
LOAD ./01-Source/01-MCAL/01 DIO/source/DIO.o
LOAD c:/winavr-20100110/bin/../lib/gcc/avr/4.3.3/avr5\libgcc.a
LOAD c:/winavr-20100110/bin/../lib/gcc/avr/4.3.3/../../../../avr/lib/avr5\libc.a
LOAD c:/winavr-20100110/bin/../lib/gcc/avr/4.3.3/avr5\libgcc.a

.hash
 *(.hash)

.dynsym
 *(.dynsym)

.dynstr
 *(.dynstr)

.gnu.version
 *(.gnu.version)

.gnu.version_d
 *(.gnu.version_d)

.gnu.version_r
 *(.gnu.version_r)

.rel.init
 *(.rel.init)

.rela.init
 *(.rela.init)

.rel.text
 *(.rel.text)
 *(.rel.text.*)
 *(.rel.gnu.linkonce.t*)

.rela.text
 *(.rela.text)
 *(.rela.text.*)
 *(.rela.gnu.linkonce.t*)

.rel.fini
 *(.rel.fini)

.rela.fini
 *(.rela.fini)

.rel.rodata
 *(.rel.rodata)
 *(.rel.rodata.*)
 *(.rel.gnu.linkonce.r*)

.rela.rodata
 *(.rela.rodata)
 *(.rela.rodata.*)
 *(.rela.gnu.linkonce.r*)

.rel.data
 *(.rel.data)
 *(.rel.data.*)
 *(.rel.gnu.linkonce.d*)

.rela.data
 *(.rela.data)
 *(.rela.data.*)
 *(.rela.gnu.linkonce.d*)

.rel.ctors
 *(.rel.ctors)

.rela.ctors
 *(.rela.ctors)

.rel.dtors
 *(.rel.dtors)

.rela.dtors
 *(.rela.dtors)

.rel.got
 *(.rel.got)

.rela.got
 *(.rela.got)

.rel.bss
 *(.rel.bss)

.rela.bss
 *(.rela.bss)

.rel.plt
 *(.rel.plt)

.rela.plt
 *(.rela.plt)

.text           0x00000000     0x266a
 *(.vectors)
 .vectors       0x00000000       0x54 c:/winavr-20100110/bin/../lib/gcc/avr/4.3.3/../../../../avr/lib/avr5/crtm32.o
                0x00000000                __vectors
                0x00000000                __vector_default
 *(.vectors)
 *(.progmem.gcc*)
 *(.progmem*)
                0x00000054                . = ALIGN (0x2)
                0x00000054                __trampolines_start = .
 *(.trampolines)
 .trampolines   0x00000054        0x0 linker stubs
 *(.trampolines*)
                0x00000054                __trampolines_end = .
 *(.jumptables)
 *(.jumptables*)
 *(.lowtext)
 *(.lowtext*)
                0x00000054                __ctors_start = .
 *(.ctors)
                0x00000054                __ctors_end = .
                0x00000054                __dtors_start = .
 *(.dtors)
                0x00000054                __dtors_end = .
 SORT(*)(.ctors)
 SORT(*)(.dtors)
 *(.init0)
 .init0         0x00000054        0x0 c:/winavr-20100110/bin/../lib/gcc/avr/4.3.3/../../../../avr/lib/avr5/crtm32.o
                0x00000054                __init
 *(.init0)
 *(.init1)
 *(.init1)
 *(.init2)
 .init2         0x00000054        0xc c:/winavr-20100110/bin/../lib/gcc/avr/4.3.3/../../../../avr/lib/avr5/crtm32.o
 *(.init2)
 *(.init3)
 *(.init3)
 *(.init4)
 .init4         0x00000060       0x16 c:/winavr-20100110/bin/../lib/gcc/avr/4.3.3/avr5\libgcc.a(_copy_data.o)
                0x00000060                __do_copy_data
 .init4         0x00000076       0x10 c:/winavr-20100110/bin/../lib/gcc/avr/4.3.3/avr5\libgcc.a(_clear_bss.o)
                0x00000076                __do_clear_bss
 *(.init4)
 *(.init5)
 *(.init5)
 *(.init6)
 *(.init6)
 *(.init7)
 *(.init7)
 *(.init8)
 *(.init8)
 *(.init9)
 .init9         0x00000086        0x8 c:/winavr-20100110/bin/../lib/gcc/avr/4.3.3/../../../../avr/lib/avr5/crtm32.o
 *(.init9)
 *(.text)
 .text          0x0000008e        0x4 c:/winavr-20100110/bin/../lib/gcc/avr/4.3.3/../../../../avr/lib/avr5/crtm32.o
                0x0000008e                __vector_12
                0x0000008e                __bad_interrupt
                0x0000008e                __vector_6
                0x0000008e                __vector_3
                0x0000008e                __vector_13
                0x0000008e                __vector_17
                0x0000008e                __vector_19
                0x0000008e                __vector_7
                0x0000008e                __vector_4
                0x0000008e                __vector_9
                0x0000008e                __vector_2
                0x0000008e                __vector_15
                0x0000008e                __vector_8
                0x0000008e                __vector_14
                0x0000008e                __vector_10
                0x0000008e                __vector_16
                0x0000008e                __vector_18
                0x0000008e                __vector_20
 .text          0x00000092        0x0 ./01-Source/04-Application/main.o
 .text          0x00000092        0x0 ./01-Source/03-Services/SCM/source/SCM.o
 .text          0x00000092        0x0 ./01-Source/02-HAL/11-Ultrasonic/source/ultrasonic.o
 .text          0x00000092        0x0 ./01-Source/02-HAL/10-Servo/source/servo.o
 .text          0x00000092        0x0 ./01-Source/02-HAL/09-HC-05/source/HC-05.o
 .text          0x00000092        0x0 ./01-Source/02-HAL/08-Motor_driver/source/Motor_driver.o
 .text          0x00000092        0x0 ./01-Source/02-HAL/07-SSD_3bits/source/SSD_3bits.o
 .text          0x00000092        0x0 ./01-Source/02-HAL/06-LM35/source/LM35.o
 .text          0x00000092        0x0 ./01-Source/02-HAL/05-LCD/source/lcd.o
 .text          0x00000092        0x0 ./01-Source/02-HAL/04-SSD/source/SSD.o
 .text          0x00000092        0x0 ./01-Source/02-HAL/03-Buzzer/source/Buzzer.o
 .text          0x00000092        0x0 ./01-Source/02-HAL/02-Relay/source/Relay.o
 .text          0x00000092        0x0 ./01-Source/02-HAL/01-Button/source/Button.o
 .text          0x00000092        0x0 ./01-Source/02-HAL/00-LED/source/Led.o
 .text          0x00000092        0x0 ./01-Source/01-MCAL/10-TIMER2/source/timer2.o
 .text          0x00000092        0x0 ./01-Source/01-MCAL/09-EEPROM/source/EEPROM.o
 .text          0x00000092        0x0 ./01-Source/01-MCAL/08-I2C/source/I2C.o
 .text          0x00000092        0x0 ./01-Source/01-MCAL/07-SPI/source/SPI.o
 .text          0x00000092        0x0 ./01-Source/01-MCAL/06-UART/source/UART.o
 .text          0x00000092        0x0 ./01-Source/01-MCAL/05-PWM1/source/PWM1.o
 .text          0x00000092        0x0 ./01-Source/01-MCAL/04-TIMER0/source/TIMER0.o
 .text          0x00000092        0x0 ./01-Source/01-MCAL/03-ADC/source/ADC.o
 .text          0x00000092        0x0 ./01-Source/01-MCAL/02-GINT/socure/GINT.o
 .text          0x00000092        0x0 ./01-Source/01-MCAL/01 DIO/source/DIO.o
 .text          0x00000092        0x0 c:/winavr-20100110/bin/../lib/gcc/avr/4.3.3/avr5\libgcc.a(_mulsi3.o)
 .text          0x00000092        0x0 c:/winavr-20100110/bin/../lib/gcc/avr/4.3.3/avr5\libgcc.a(_udivmodqi4.o)
 .text          0x00000092        0x0 c:/winavr-20100110/bin/../lib/gcc/avr/4.3.3/avr5\libgcc.a(_udivmodhi4.o)
 .text          0x00000092        0x0 c:/winavr-20100110/bin/../lib/gcc/avr/4.3.3/avr5\libgcc.a(_udivmodsi4.o)
 .text          0x00000092        0x0 c:/winavr-20100110/bin/../lib/gcc/avr/4.3.3/avr5\libgcc.a(_exit.o)
 .text          0x00000092        0x0 c:/winavr-20100110/bin/../lib/gcc/avr/4.3.3/avr5\libgcc.a(_copy_data.o)
 .text          0x00000092        0x0 c:/winavr-20100110/bin/../lib/gcc/avr/4.3.3/avr5\libgcc.a(_clear_bss.o)
 .text          0x00000092       0x58 c:/winavr-20100110/bin/../lib/gcc/avr/4.3.3/avr5\libgcc.a(_fixunssfsi.o)
                0x00000092                __fixunssfsi
 .text          0x000000ea      0x354 c:/winavr-20100110/bin/../lib/gcc/avr/4.3.3/avr5\libgcc.a(_addsub_sf.o)
                0x00000382                __subsf3
                0x000003e4                __addsf3
 .text          0x0000043e      0x1f4 c:/winavr-20100110/bin/../lib/gcc/avr/4.3.3/avr5\libgcc.a(_mul_sf.o)
                0x0000043e                __mulsf3
 .text          0x00000632      0x158 c:/winavr-20100110/bin/../lib/gcc/avr/4.3.3/avr5\libgcc.a(_div_sf.o)
                0x00000632                __divsf3
 .text          0x0000078a       0x60 c:/winavr-20100110/bin/../lib/gcc/avr/4.3.3/avr5\libgcc.a(_ge_sf.o)
                0x0000078a                __gesf2
 .text          0x000007ea       0xbc c:/winavr-20100110/bin/../lib/gcc/avr/4.3.3/avr5\libgcc.a(_si_to_sf.o)
                0x000007ea                __floatsisf
 .text          0x000008a6       0xa8 c:/winavr-20100110/bin/../lib/gcc/avr/4.3.3/avr5\libgcc.a(_sf_to_si.o)
                0x000008a6                __fixsfsi
 .text          0x0000094e        0x0 c:/winavr-20100110/bin/../lib/gcc/avr/4.3.3/avr5\libgcc.a(_thenan_sf.o)
 .text          0x0000094e       0xf2 c:/winavr-20100110/bin/../lib/gcc/avr/4.3.3/avr5\libgcc.a(_usi_to_sf.o)
                0x0000094e                __floatunsisf
 .text          0x00000a40        0x0 c:/winavr-20100110/bin/../lib/gcc/avr/4.3.3/avr5\libgcc.a(_prologue.o)
 .text          0x00000a40        0x0 c:/winavr-20100110/bin/../lib/gcc/avr/4.3.3/avr5\libgcc.a(_epilogue.o)
 .text          0x00000a40       0x9e c:/winavr-20100110/bin/../lib/gcc/avr/4.3.3/avr5\libgcc.a(_clzsi2.o)
                0x00000a40                __clzsi2
 .text          0x00000ade      0x1aa c:/winavr-20100110/bin/../lib/gcc/avr/4.3.3/avr5\libgcc.a(_pack_sf.o)
                0x00000ade                __pack_f
 .text          0x00000c88       0xf0 c:/winavr-20100110/bin/../lib/gcc/avr/4.3.3/avr5\libgcc.a(_unpack_sf.o)
                0x00000c88                __unpack_f
 .text          0x00000d78       0xb2 c:/winavr-20100110/bin/../lib/gcc/avr/4.3.3/avr5\libgcc.a(_fpcmp_parts_sf.o)
                0x00000d78                __fpcmp_parts_f
 .text          0x00000e2a        0x0 c:/winavr-20100110/bin/../lib/gcc/avr/4.3.3/avr5\libgcc.a(_clz.o)
                0x00000e2a                . = ALIGN (0x2)
 *(.text.*)
 .text.main     0x00000e2a       0xf4 ./01-Source/04-Application/main.o
                0x00000e2a                main
 .text.SCM_CreateTask
                0x00000f1e       0x2e ./01-Source/03-Services/SCM/source/SCM.o
                0x00000f1e                SCM_CreateTask
 .text.__vector_5
                0x00000f4c       0xd4 ./01-Source/03-Services/SCM/source/SCM.o
                0x00000f4c                __vector_5
 .text.SCM_Start
                0x00001020        0x6 ./01-Source/03-Services/SCM/source/SCM.o
                0x00001020                SCM_Start
 .text.SCM_Init
                0x00001026        0xa ./01-Source/03-Services/SCM/source/SCM.o
                0x00001026                SCM_Init
 .text.__vector_1
                0x00001030       0xb2 ./01-Source/02-HAL/11-Ultrasonic/source/ultrasonic.o
                0x00001030                __vector_1
 .text.ultra_Get_distance
                0x000010e2       0x3a ./01-Source/02-HAL/11-Ultrasonic/source/ultrasonic.o
                0x000010e2                ultra_Get_distance
 .text.ultrasonic_init
                0x0000111c       0x32 ./01-Source/02-HAL/11-Ultrasonic/source/ultrasonic.o
                0x0000111c                ultrasonic_init
 .text.servo_Init
                0x0000114e       0x18 ./01-Source/02-HAL/10-Servo/source/servo.o
                0x0000114e                servo_Init
 .text.servo_0  0x00001166        0x8 ./01-Source/02-HAL/10-Servo/source/servo.o
                0x00001166                servo_0
 .text.servo_90
                0x0000116e        0xa ./01-Source/02-HAL/10-Servo/source/servo.o
                0x0000116e                servo_90
 .text.servo_180
                0x00001178        0xa ./01-Source/02-HAL/10-Servo/source/servo.o
                0x00001178                servo_180
 .text.servo_Angle
                0x00001182       0x2a ./01-Source/02-HAL/10-Servo/source/servo.o
                0x00001182                servo_Angle
 .text.HC_05_receive_char
                0x000011ac        0x6 ./01-Source/02-HAL/09-HC-05/source/HC-05.o
                0x000011ac                HC_05_receive_char
 .text.HC_05_send_str
                0x000011b2        0x6 ./01-Source/02-HAL/09-HC-05/source/HC-05.o
                0x000011b2                HC_05_send_str
 .text.HC_05_send_char
                0x000011b8        0x6 ./01-Source/02-HAL/09-HC-05/source/HC-05.o
                0x000011b8                HC_05_send_char
 .text.HC_05_Init
                0x000011be        0xe ./01-Source/02-HAL/09-HC-05/source/HC-05.o
                0x000011be                HC_05_Init
 .text.Motor_Set_speed
                0x000011cc        0xe ./01-Source/02-HAL/08-Motor_driver/source/Motor_driver.o
                0x000011cc                Motor_Set_speed
 .text.Motor_2_stop
                0x000011da       0x20 ./01-Source/02-HAL/08-Motor_driver/source/Motor_driver.o
                0x000011da                Motor_2_stop
 .text.Motor_1_stop
                0x000011fa       0x20 ./01-Source/02-HAL/08-Motor_driver/source/Motor_driver.o
                0x000011fa                Motor_1_stop
 .text.Stop_all
                0x0000121a        0xa ./01-Source/02-HAL/08-Motor_driver/source/Motor_driver.o
                0x0000121a                Stop_all
 .text.Motor_2_backward
                0x00001224       0x20 ./01-Source/02-HAL/08-Motor_driver/source/Motor_driver.o
                0x00001224                Motor_2_backward
 .text.Motor_2_forward
                0x00001244       0x20 ./01-Source/02-HAL/08-Motor_driver/source/Motor_driver.o
                0x00001244                Motor_2_forward
 .text.Motor_1_backward
                0x00001264       0x20 ./01-Source/02-HAL/08-Motor_driver/source/Motor_driver.o
                0x00001264                Motor_1_backward
 .text.Go_Right
                0x00001284        0xa ./01-Source/02-HAL/08-Motor_driver/source/Motor_driver.o
                0x00001284                Go_Right
 .text.Go_Backward
                0x0000128e        0xa ./01-Source/02-HAL/08-Motor_driver/source/Motor_driver.o
                0x0000128e                Go_Backward
 .text.Motor_1_forward
                0x00001298       0x20 ./01-Source/02-HAL/08-Motor_driver/source/Motor_driver.o
                0x00001298                Motor_1_forward
 .text.Go_Left  0x000012b8        0xa ./01-Source/02-HAL/08-Motor_driver/source/Motor_driver.o
                0x000012b8                Go_Left
 .text.Go_Forword
                0x000012c2        0xa ./01-Source/02-HAL/08-Motor_driver/source/Motor_driver.o
                0x000012c2                Go_Forword
 .text.Motor_driver_Init
                0x000012cc       0x3e ./01-Source/02-HAL/08-Motor_driver/source/Motor_driver.o
                0x000012cc                Motor_driver_Init
 .text.SSD_3bits_disNum
                0x0000130a       0xd4 ./01-Source/02-HAL/07-SSD_3bits/source/SSD_3bits.o
                0x0000130a                SSD_3bits_disNum
 .text.SSD_3bits_disNumWithDelay
                0x000013de       0x7a ./01-Source/02-HAL/07-SSD_3bits/source/SSD_3bits.o
                0x000013de                SSD_3bits_disNumWithDelay
 .text.SSD_3bits_Init
                0x00001458       0x48 ./01-Source/02-HAL/07-SSD_3bits/source/SSD_3bits.o
                0x00001458                SSD_3bits_Init
 .text.LM35_Read
                0x000014a0       0x34 ./01-Source/02-HAL/06-LM35/source/LM35.o
                0x000014a0                LM35_Read
 .text.LM35_disp_temp
                0x000014d4       0x18 ./01-Source/02-HAL/06-LM35/source/LM35.o
                0x000014d4                LM35_disp_temp
 .text.LM35_Init
                0x000014ec        0x8 ./01-Source/02-HAL/06-LM35/source/LM35.o
                0x000014ec                LM35_Init
 .text.En_pluse
                0x000014f4       0x24 ./01-Source/02-HAL/05-LCD/source/lcd.o
 .text.lcd_vidSendCmd
                0x00001518       0x32 ./01-Source/02-HAL/05-LCD/source/lcd.o
                0x00001518                lcd_vidSendCmd
 .text.lcd_GotoRowColum
                0x0000154a       0x1e ./01-Source/02-HAL/05-LCD/source/lcd.o
                0x0000154a                lcd_GotoRowColum
 .text.lcd_vidSendData
                0x00001568       0x32 ./01-Source/02-HAL/05-LCD/source/lcd.o
                0x00001568                lcd_vidSendData
 .text.lcd_vidDisplayString
                0x0000159a       0x1e ./01-Source/02-HAL/05-LCD/source/lcd.o
                0x0000159a                lcd_vidDisplayString
 .text.lcd_vidDisplayNum
                0x000015b8      0x280 ./01-Source/02-HAL/05-LCD/source/lcd.o
                0x000015b8                lcd_vidDisplayNum
 .text.lcd_vidDisplauFloatNum
                0x00001838       0xb4 ./01-Source/02-HAL/05-LCD/source/lcd.o
                0x00001838                lcd_vidDisplauFloatNum
 .text.lcd_vidDisplayChar
                0x000018ec        0x6 ./01-Source/02-HAL/05-LCD/source/lcd.o
                0x000018ec                lcd_vidDisplayChar
 .text.lcd_Init
                0x000018f2       0x90 ./01-Source/02-HAL/05-LCD/source/lcd.o
                0x000018f2                lcd_Init
 .text.SSD_disNum_scd
                0x00001982       0x70 ./01-Source/02-HAL/04-SSD/source/SSD.o
                0x00001982                SSD_disNum_scd
 .text.SSD_disNum
                0x000019f2       0x74 ./01-Source/02-HAL/04-SSD/source/SSD.o
                0x000019f2                SSD_disNum
 .text.SSD_disNumWithDelay
                0x00001a66       0x72 ./01-Source/02-HAL/04-SSD/source/SSD.o
                0x00001a66                SSD_disNumWithDelay
 .text.SSD_Init
                0x00001ad8       0x3e ./01-Source/02-HAL/04-SSD/source/SSD.o
                0x00001ad8                SSD_Init
 .text.Buzzer_off
                0x00001b16        0xc ./01-Source/02-HAL/03-Buzzer/source/Buzzer.o
                0x00001b16                Buzzer_off
 .text.Buzzer_on
                0x00001b22        0xc ./01-Source/02-HAL/03-Buzzer/source/Buzzer.o
                0x00001b22                Buzzer_on
 .text.Buzzer_Init
                0x00001b2e        0xc ./01-Source/02-HAL/03-Buzzer/source/Buzzer.o
                0x00001b2e                Buzzer_Init
 .text.Relay_off
                0x00001b3a        0xc ./01-Source/02-HAL/02-Relay/source/Relay.o
                0x00001b3a                Relay_off
 .text.Relay_on
                0x00001b46        0xc ./01-Source/02-HAL/02-Relay/source/Relay.o
                0x00001b46                Relay_on
 .text.Relay_Init
                0x00001b52        0xc ./01-Source/02-HAL/02-Relay/source/Relay.o
                0x00001b52                Relay_Init
 .text.Button_Read
                0x00001b5e       0x2e ./01-Source/02-HAL/01-Button/source/Button.o
                0x00001b5e                Button_Read
 .text.Button_Init
                0x00001b8c       0x20 ./01-Source/02-HAL/01-Button/source/Button.o
                0x00001b8c                Button_Init
 .text.Led0_Toggle
                0x00001bac        0xa ./01-Source/02-HAL/00-LED/source/Led.o
                0x00001bac                Led0_Toggle
 .text.Led_Toggle
                0x00001bb6       0x2c ./01-Source/02-HAL/00-LED/source/Led.o
                0x00001bb6                Led_Toggle
 .text.Led_off  0x00001be2       0x32 ./01-Source/02-HAL/00-LED/source/Led.o
                0x00001be2                Led_off
 .text.Led_on   0x00001c14       0x32 ./01-Source/02-HAL/00-LED/source/Led.o
                0x00001c14                Led_on
 .text.Led_Init
                0x00001c46       0x20 ./01-Source/02-HAL/00-LED/source/Led.o
                0x00001c46                Led_Init
 .text.TIMER2_Start
                0x00001c66        0x8 ./01-Source/01-MCAL/10-TIMER2/source/timer2.o
                0x00001c66                TIMER2_Start
 .text.TIMER2_Stop
                0x00001c6e        0x2 ./01-Source/01-MCAL/10-TIMER2/source/timer2.o
                0x00001c6e                TIMER2_Stop
 .text.TIMER2_Reset
                0x00001c70        0x2 ./01-Source/01-MCAL/10-TIMER2/source/timer2.o
                0x00001c70                TIMER2_Reset
 .text.TIMER2_Get_Time
                0x00001c72        0xa ./01-Source/01-MCAL/10-TIMER2/source/timer2.o
                0x00001c72                TIMER2_Get_Time
 .text.TIMER2_No_of_over_flows
                0x00001c7c        0xa ./01-Source/01-MCAL/10-TIMER2/source/timer2.o
                0x00001c7c                TIMER2_No_of_over_flows
 .text.TIMER2_Init
                0x00001c86       0x18 ./01-Source/01-MCAL/10-TIMER2/source/timer2.o
                0x00001c86                TIMER2_Init
 .text.EEPROM_Read
                0x00001c9e        0xe ./01-Source/01-MCAL/09-EEPROM/source/EEPROM.o
                0x00001c9e                EEPROM_Read
 .text.EEPROM_Write
                0x00001cac       0x10 ./01-Source/01-MCAL/09-EEPROM/source/EEPROM.o
                0x00001cac                EEPROM_Write
 .text.I2C_MasterInit
                0x00001cbc       0x1c ./01-Source/01-MCAL/08-I2C/source/I2C.o
                0x00001cbc                I2C_MasterInit
 .text.I2C_SlaveInit
                0x00001cd8       0x12 ./01-Source/01-MCAL/08-I2C/source/I2C.o
                0x00001cd8                I2C_SlaveInit
 .text.I2C_Start
                0x00001cea       0x14 ./01-Source/01-MCAL/08-I2C/source/I2C.o
                0x00001cea                I2C_Start
 .text.I2C_Repeated_Start
                0x00001cfe       0x14 ./01-Source/01-MCAL/08-I2C/source/I2C.o
                0x00001cfe                I2C_Repeated_Start
 .text.I2C_Stop
                0x00001d12       0x14 ./01-Source/01-MCAL/08-I2C/source/I2C.o
                0x00001d12                I2C_Stop
 .text.I2C_SlaveAddressWithWrite
                0x00001d26       0x18 ./01-Source/01-MCAL/08-I2C/source/I2C.o
                0x00001d26                I2C_SlaveAddressWithWrite
 .text.I2C_SlaveAdderssWithRead
                0x00001d3e       0x1a ./01-Source/01-MCAL/08-I2C/source/I2C.o
                0x00001d3e                I2C_SlaveAdderssWithRead
 .text.I2C_Mastar_write_bite_to_slave
                0x00001d58       0x10 ./01-Source/01-MCAL/08-I2C/source/I2C.o
                0x00001d58                I2C_Mastar_write_bite_to_slave
 .text.I2C_Mastar_Read_bite_from_slave
                0x00001d68       0x10 ./01-Source/01-MCAL/08-I2C/source/I2C.o
                0x00001d68                I2C_Mastar_Read_bite_from_slave
 .text.SPI_Master_Init
                0x00001d78       0x10 ./01-Source/01-MCAL/07-SPI/source/SPI.o
                0x00001d78                SPI_Master_Init
 .text.SPI_Slave_Init
                0x00001d88        0x8 ./01-Source/01-MCAL/07-SPI/source/SPI.o
                0x00001d88                SPI_Slave_Init
 .text.SPI_transave
                0x00001d90        0xa ./01-Source/01-MCAL/07-SPI/source/SPI.o
                0x00001d90                SPI_transave
 .text.SPI_transmit_Byte
                0x00001d9a        0xa ./01-Source/01-MCAL/07-SPI/source/SPI.o
                0x00001d9a                SPI_transmit_Byte
 .text.SPI_receive_Byte
                0x00001da4        0xc ./01-Source/01-MCAL/07-SPI/source/SPI.o
                0x00001da4                SPI_receive_Byte
 .text.UART_sendChar
                0x00001db0        0x8 ./01-Source/01-MCAL/06-UART/source/UART.o
                0x00001db0                UART_sendChar
 .text.UART_receiveChar
                0x00001db8        0x6 ./01-Source/01-MCAL/06-UART/source/UART.o
                0x00001db8                UART_receiveChar
 .text.UART_sendString
                0x00001dbe       0x18 ./01-Source/01-MCAL/06-UART/source/UART.o
                0x00001dbe                UART_sendString
 .text.UART_Init
                0x00001dd6       0x2c ./01-Source/01-MCAL/06-UART/source/UART.o
                0x00001dd6                UART_Init
 .text.PWM1_Set_Duty
                0x00001e02       0x32 ./01-Source/01-MCAL/05-PWM1/source/PWM1.o
                0x00001e02                PWM1_Set_Duty
 .text.PWM1_Start
                0x00001e34        0xa ./01-Source/01-MCAL/05-PWM1/source/PWM1.o
                0x00001e34                PWM1_Start
 .text.PWM1_Stop
                0x00001e3e        0x8 ./01-Source/01-MCAL/05-PWM1/source/PWM1.o
                0x00001e3e                PWM1_Stop
 .text.PWM1_Init
                0x00001e46       0x86 ./01-Source/01-MCAL/05-PWM1/source/PWM1.o
                0x00001e46                PWM1_Init
 .text.__vector_11
                0x00001ecc       0x72 ./01-Source/01-MCAL/04-TIMER0/source/TIMER0.o
                0x00001ecc                __vector_11
 .text.TIMER0_Start
                0x00001f3e       0x22 ./01-Source/01-MCAL/04-TIMER0/source/TIMER0.o
                0x00001f3e                TIMER0_Start
 .text.TIMER0_Stop
                0x00001f60       0x18 ./01-Source/01-MCAL/04-TIMER0/source/TIMER0.o
                0x00001f60                TIMER0_Stop
 .text.TIMER0_Reset
                0x00001f78       0x14 ./01-Source/01-MCAL/04-TIMER0/source/TIMER0.o
                0x00001f78                TIMER0_Reset
 .text.TIMER0_Get_Time
                0x00001f8c       0xac ./01-Source/01-MCAL/04-TIMER0/source/TIMER0.o
                0x00001f8c                TIMER0_Get_Time
 .text.TIMER0_No_of_over_flows
                0x00002038       0x12 ./01-Source/01-MCAL/04-TIMER0/source/TIMER0.o
                0x00002038                TIMER0_No_of_over_flows
 .text.TIMER0_Init
                0x0000204a       0x18 ./01-Source/01-MCAL/04-TIMER0/source/TIMER0.o
                0x0000204a                TIMER0_Init
 .text.ADC_Init
                0x00002062       0xa0 ./01-Source/01-MCAL/03-ADC/source/ADC.o
                0x00002062                ADC_Init
 .text.ADC_ReadChannel
                0x00002102       0x22 ./01-Source/01-MCAL/03-ADC/source/ADC.o
                0x00002102                ADC_ReadChannel
 .text.GINT_Global_Enable
                0x00002124        0x8 ./01-Source/01-MCAL/02-GINT/socure/GINT.o
                0x00002124                GINT_Global_Enable
 .text.GINT_Global_Disable
                0x0000212c        0x8 ./01-Source/01-MCAL/02-GINT/socure/GINT.o
                0x0000212c                GINT_Global_Disable
 .text.GINT_DisaleExtINT
                0x00002134       0x26 ./01-Source/01-MCAL/02-GINT/socure/GINT.o
                0x00002134                GINT_DisaleExtINT
 .text.GINT_EnaleExtINT
                0x0000215a       0x26 ./01-Source/01-MCAL/02-GINT/socure/GINT.o
                0x0000215a                GINT_EnaleExtINT
 .text.GINT_Ext_Interrupt_Mode
                0x00002180       0xbe ./01-Source/01-MCAL/02-GINT/socure/GINT.o
                0x00002180                GINT_Ext_Interrupt_Mode
 .text.GINT_Enable_InternalInt
                0x0000223e       0x1a ./01-Source/01-MCAL/02-GINT/socure/GINT.o
                0x0000223e                GINT_Enable_InternalInt
 .text.GINT_Disable_InternalInt
                0x00002258        0xc ./01-Source/01-MCAL/02-GINT/socure/GINT.o
                0x00002258                GINT_Disable_InternalInt
 .text.Dio_config
                0x00002264       0xde ./01-Source/01-MCAL/01 DIO/source/DIO.o
                0x00002264                Dio_config
 .text.Dio_write
                0x00002342       0xdc ./01-Source/01-MCAL/01 DIO/source/DIO.o
                0x00002342                Dio_write
 .text.Dio_read
                0x0000241e       0x5c ./01-Source/01-MCAL/01 DIO/source/DIO.o
                0x0000241e                Dio_read
 .text.Dio_writeChannelGroup
                0x0000247a       0x52 ./01-Source/01-MCAL/01 DIO/source/DIO.o
                0x0000247a                Dio_writeChannelGroup
 .text.Dio_ToggleChannel
                0x000024cc       0x6a ./01-Source/01-MCAL/01 DIO/source/DIO.o
                0x000024cc                Dio_ToggleChannel
 .text.libgcc   0x00002536       0x3e c:/winavr-20100110/bin/../lib/gcc/avr/4.3.3/avr5\libgcc.a(_mulsi3.o)
                0x00002536                __mulsi3
 .text.libgcc   0x00002574       0x18 c:/winavr-20100110/bin/../lib/gcc/avr/4.3.3/avr5\libgcc.a(_udivmodqi4.o)
                0x00002574                __udivmodqi4
 .text.libgcc   0x0000258c       0x28 c:/winavr-20100110/bin/../lib/gcc/avr/4.3.3/avr5\libgcc.a(_udivmodhi4.o)
                0x0000258c                __udivmodhi4
 .text.libgcc   0x000025b4       0x44 c:/winavr-20100110/bin/../lib/gcc/avr/4.3.3/avr5\libgcc.a(_udivmodsi4.o)
                0x000025b4                __udivmodsi4
 .text.libgcc   0x000025f8        0x0 c:/winavr-20100110/bin/../lib/gcc/avr/4.3.3/avr5\libgcc.a(_exit.o)
 .text.libgcc   0x000025f8        0x0 c:/winavr-20100110/bin/../lib/gcc/avr/4.3.3/avr5\libgcc.a(_copy_data.o)
 .text.libgcc   0x000025f8        0x0 c:/winavr-20100110/bin/../lib/gcc/avr/4.3.3/avr5\libgcc.a(_clear_bss.o)
 .text.libgcc   0x000025f8       0x38 c:/winavr-20100110/bin/../lib/gcc/avr/4.3.3/avr5\libgcc.a(_prologue.o)
                0x000025f8                __prologue_saves__
 .text.libgcc   0x00002630       0x36 c:/winavr-20100110/bin/../lib/gcc/avr/4.3.3/avr5\libgcc.a(_epilogue.o)
                0x00002630                __epilogue_restores__
                0x00002666                . = ALIGN (0x2)
 *(.fini9)
 .fini9         0x00002666        0x0 c:/winavr-20100110/bin/../lib/gcc/avr/4.3.3/avr5\libgcc.a(_exit.o)
                0x00002666                exit
                0x00002666                _exit
 *(.fini9)
 *(.fini8)
 *(.fini8)
 *(.fini7)
 *(.fini7)
 *(.fini6)
 *(.fini6)
 *(.fini5)
 *(.fini5)
 *(.fini4)
 *(.fini4)
 *(.fini3)
 *(.fini3)
 *(.fini2)
 *(.fini2)
 *(.fini1)
 *(.fini1)
 *(.fini0)
 .fini0         0x00002666        0x4 c:/winavr-20100110/bin/../lib/gcc/avr/4.3.3/avr5\libgcc.a(_exit.o)
 *(.fini0)
                0x0000266a                _etext = .

.data           0x00800060      0x138 load address 0x0000266a
                0x00800060                PROVIDE (__data_start, .)
 *(.data)
 .data          0x00800060        0x0 c:/winavr-20100110/bin/../lib/gcc/avr/4.3.3/../../../../avr/lib/avr5/crtm32.o
 .data          0x00800060       0x2e ./01-Source/04-Application/main.o
 .data          0x0080008e        0x0 ./01-Source/03-Services/SCM/source/SCM.o
 .data          0x0080008e        0x0 ./01-Source/02-HAL/11-Ultrasonic/source/ultrasonic.o
 .data          0x0080008e        0x0 ./01-Source/02-HAL/10-Servo/source/servo.o
 .data          0x0080008e        0x0 ./01-Source/02-HAL/09-HC-05/source/HC-05.o
 .data          0x0080008e        0x0 ./01-Source/02-HAL/08-Motor_driver/source/Motor_driver.o
 .data          0x0080008e        0x0 ./01-Source/02-HAL/07-SSD_3bits/source/SSD_3bits.o
 .data          0x0080008e        0x0 ./01-Source/02-HAL/06-LM35/source/LM35.o
 .data          0x0080008e        0x0 ./01-Source/02-HAL/05-LCD/source/lcd.o
 .data          0x0080008e        0x0 ./01-Source/02-HAL/04-SSD/source/SSD.o
 .data          0x0080008e        0x0 ./01-Source/02-HAL/03-Buzzer/source/Buzzer.o
 .data          0x0080008e        0x0 ./01-Source/02-HAL/02-Relay/source/Relay.o
 .data          0x0080008e        0x0 ./01-Source/02-HAL/01-Button/source/Button.o
 .data          0x0080008e        0x0 ./01-Source/02-HAL/00-LED/source/Led.o
 .data          0x0080008e        0x0 ./01-Source/01-MCAL/10-TIMER2/source/timer2.o
 .data          0x0080008e        0x0 ./01-Source/01-MCAL/09-EEPROM/source/EEPROM.o
 .data          0x0080008e        0x0 ./01-Source/01-MCAL/08-I2C/source/I2C.o
 .data          0x0080008e        0x0 ./01-Source/01-MCAL/07-SPI/source/SPI.o
 .data          0x0080008e        0x0 ./01-Source/01-MCAL/06-UART/source/UART.o
 .data          0x0080008e        0x0 ./01-Source/01-MCAL/05-PWM1/source/PWM1.o
 .data          0x0080008e        0x0 ./01-Source/01-MCAL/04-TIMER0/source/TIMER0.o
 .data          0x0080008e        0x0 ./01-Source/01-MCAL/03-ADC/source/ADC.o
 .data          0x0080008e        0x0 ./01-Source/01-MCAL/02-GINT/socure/GINT.o
 .data          0x0080008e        0x0 ./01-Source/01-MCAL/01 DIO/source/DIO.o
 .data          0x0080008e        0x0 c:/winavr-20100110/bin/../lib/gcc/avr/4.3.3/avr5\libgcc.a(_mulsi3.o)
 .data          0x0080008e        0x0 c:/winavr-20100110/bin/../lib/gcc/avr/4.3.3/avr5\libgcc.a(_udivmodqi4.o)
 .data          0x0080008e        0x0 c:/winavr-20100110/bin/../lib/gcc/avr/4.3.3/avr5\libgcc.a(_udivmodhi4.o)
 .data          0x0080008e        0x0 c:/winavr-20100110/bin/../lib/gcc/avr/4.3.3/avr5\libgcc.a(_udivmodsi4.o)
 .data          0x0080008e        0x0 c:/winavr-20100110/bin/../lib/gcc/avr/4.3.3/avr5\libgcc.a(_exit.o)
 .data          0x0080008e        0x0 c:/winavr-20100110/bin/../lib/gcc/avr/4.3.3/avr5\libgcc.a(_copy_data.o)
 .data          0x0080008e        0x0 c:/winavr-20100110/bin/../lib/gcc/avr/4.3.3/avr5\libgcc.a(_clear_bss.o)
 .data          0x0080008e        0x0 c:/winavr-20100110/bin/../lib/gcc/avr/4.3.3/avr5\libgcc.a(_fixunssfsi.o)
 .data          0x0080008e        0x0 c:/winavr-20100110/bin/../lib/gcc/avr/4.3.3/avr5\libgcc.a(_addsub_sf.o)
 .data          0x0080008e        0x0 c:/winavr-20100110/bin/../lib/gcc/avr/4.3.3/avr5\libgcc.a(_mul_sf.o)
 .data          0x0080008e        0x0 c:/winavr-20100110/bin/../lib/gcc/avr/4.3.3/avr5\libgcc.a(_div_sf.o)
 .data          0x0080008e        0x0 c:/winavr-20100110/bin/../lib/gcc/avr/4.3.3/avr5\libgcc.a(_ge_sf.o)
 .data          0x0080008e        0x0 c:/winavr-20100110/bin/../lib/gcc/avr/4.3.3/avr5\libgcc.a(_si_to_sf.o)
 .data          0x0080008e        0x0 c:/winavr-20100110/bin/../lib/gcc/avr/4.3.3/avr5\libgcc.a(_sf_to_si.o)
 .data          0x0080008e        0x8 c:/winavr-20100110/bin/../lib/gcc/avr/4.3.3/avr5\libgcc.a(_thenan_sf.o)
                0x0080008e                __thenan_sf
 .data          0x00800096        0x0 c:/winavr-20100110/bin/../lib/gcc/avr/4.3.3/avr5\libgcc.a(_usi_to_sf.o)
 .data          0x00800096        0x0 c:/winavr-20100110/bin/../lib/gcc/avr/4.3.3/avr5\libgcc.a(_prologue.o)
 .data          0x00800096        0x0 c:/winavr-20100110/bin/../lib/gcc/avr/4.3.3/avr5\libgcc.a(_epilogue.o)
 .data          0x00800096        0x0 c:/winavr-20100110/bin/../lib/gcc/avr/4.3.3/avr5\libgcc.a(_clzsi2.o)
 .data          0x00800096        0x0 c:/winavr-20100110/bin/../lib/gcc/avr/4.3.3/avr5\libgcc.a(_pack_sf.o)
 .data          0x00800096        0x0 c:/winavr-20100110/bin/../lib/gcc/avr/4.3.3/avr5\libgcc.a(_unpack_sf.o)
 .data          0x00800096        0x0 c:/winavr-20100110/bin/../lib/gcc/avr/4.3.3/avr5\libgcc.a(_fpcmp_parts_sf.o)
 .data          0x00800096      0x100 c:/winavr-20100110/bin/../lib/gcc/avr/4.3.3/avr5\libgcc.a(_clz.o)
                0x00800096                __clz_tab
 *(.data*)
 .data.Loc_digitSwitch.1377
                0x00800196        0x1 ./01-Source/02-HAL/04-SSD/source/SSD.o
 *(.rodata)
 *(.rodata*)
 *(.gnu.linkonce.d*)
                0x00800198                . = ALIGN (0x2)
 *fill*         0x00800197        0x1 00
                0x00800198                _edata = .
                0x00800198                PROVIDE (__data_end, .)

.bss            0x00800198       0x5b
                0x00800198                PROVIDE (__bss_start, .)
 *(.bss)
 .bss           0x00800198        0x0 c:/winavr-20100110/bin/../lib/gcc/avr/4.3.3/../../../../avr/lib/avr5/crtm32.o
 .bss           0x00800198        0x0 ./01-Source/04-Application/main.o
 .bss           0x00800198        0x0 ./01-Source/03-Services/SCM/source/SCM.o
 .bss           0x00800198        0x0 ./01-Source/02-HAL/11-Ultrasonic/source/ultrasonic.o
 .bss           0x00800198        0x0 ./01-Source/02-HAL/10-Servo/source/servo.o
 .bss           0x00800198        0x0 ./01-Source/02-HAL/09-HC-05/source/HC-05.o
 .bss           0x00800198        0x0 ./01-Source/02-HAL/08-Motor_driver/source/Motor_driver.o
 .bss           0x00800198        0x0 ./01-Source/02-HAL/07-SSD_3bits/source/SSD_3bits.o
 .bss           0x00800198        0x0 ./01-Source/02-HAL/06-LM35/source/LM35.o
 .bss           0x00800198        0x0 ./01-Source/02-HAL/05-LCD/source/lcd.o
 .bss           0x00800198        0x0 ./01-Source/02-HAL/04-SSD/source/SSD.o
 .bss           0x00800198        0x0 ./01-Source/02-HAL/03-Buzzer/source/Buzzer.o
 .bss           0x00800198        0x0 ./01-Source/02-HAL/02-Relay/source/Relay.o
 .bss           0x00800198        0x0 ./01-Source/02-HAL/01-Button/source/Button.o
 .bss           0x00800198        0x0 ./01-Source/02-HAL/00-LED/source/Led.o
 .bss           0x00800198        0x0 ./01-Source/01-MCAL/10-TIMER2/source/timer2.o
 .bss           0x00800198        0x0 ./01-Source/01-MCAL/09-EEPROM/source/EEPROM.o
 .bss           0x00800198        0x0 ./01-Source/01-MCAL/08-I2C/source/I2C.o
 .bss           0x00800198        0x0 ./01-Source/01-MCAL/07-SPI/source/SPI.o
 .bss           0x00800198        0x0 ./01-Source/01-MCAL/06-UART/source/UART.o
 .bss           0x00800198        0x0 ./01-Source/01-MCAL/05-PWM1/source/PWM1.o
 .bss           0x00800198        0x0 ./01-Source/01-MCAL/04-TIMER0/source/TIMER0.o
 .bss           0x00800198        0x0 ./01-Source/01-MCAL/03-ADC/source/ADC.o
 .bss           0x00800198        0x0 ./01-Source/01-MCAL/02-GINT/socure/GINT.o
 .bss           0x00800198        0x0 ./01-Source/01-MCAL/01 DIO/source/DIO.o
 .bss           0x00800198        0x0 c:/winavr-20100110/bin/../lib/gcc/avr/4.3.3/avr5\libgcc.a(_mulsi3.o)
 .bss           0x00800198        0x0 c:/winavr-20100110/bin/../lib/gcc/avr/4.3.3/avr5\libgcc.a(_udivmodqi4.o)
 .bss           0x00800198        0x0 c:/winavr-20100110/bin/../lib/gcc/avr/4.3.3/avr5\libgcc.a(_udivmodhi4.o)
 .bss           0x00800198        0x0 c:/winavr-20100110/bin/../lib/gcc/avr/4.3.3/avr5\libgcc.a(_udivmodsi4.o)
 .bss           0x00800198        0x0 c:/winavr-20100110/bin/../lib/gcc/avr/4.3.3/avr5\libgcc.a(_exit.o)
 .bss           0x00800198        0x0 c:/winavr-20100110/bin/../lib/gcc/avr/4.3.3/avr5\libgcc.a(_copy_data.o)
 .bss           0x00800198        0x0 c:/winavr-20100110/bin/../lib/gcc/avr/4.3.3/avr5\libgcc.a(_clear_bss.o)
 .bss           0x00800198        0x0 c:/winavr-20100110/bin/../lib/gcc/avr/4.3.3/avr5\libgcc.a(_fixunssfsi.o)
 .bss           0x00800198        0x0 c:/winavr-20100110/bin/../lib/gcc/avr/4.3.3/avr5\libgcc.a(_addsub_sf.o)
 .bss           0x00800198        0x0 c:/winavr-20100110/bin/../lib/gcc/avr/4.3.3/avr5\libgcc.a(_mul_sf.o)
 .bss           0x00800198        0x0 c:/winavr-20100110/bin/../lib/gcc/avr/4.3.3/avr5\libgcc.a(_div_sf.o)
 .bss           0x00800198        0x0 c:/winavr-20100110/bin/../lib/gcc/avr/4.3.3/avr5\libgcc.a(_ge_sf.o)
 .bss           0x00800198        0x0 c:/winavr-20100110/bin/../lib/gcc/avr/4.3.3/avr5\libgcc.a(_si_to_sf.o)
 .bss           0x00800198        0x0 c:/winavr-20100110/bin/../lib/gcc/avr/4.3.3/avr5\libgcc.a(_sf_to_si.o)
 .bss           0x00800198        0x0 c:/winavr-20100110/bin/../lib/gcc/avr/4.3.3/avr5\libgcc.a(_thenan_sf.o)
 .bss           0x00800198        0x0 c:/winavr-20100110/bin/../lib/gcc/avr/4.3.3/avr5\libgcc.a(_usi_to_sf.o)
 .bss           0x00800198        0x0 c:/winavr-20100110/bin/../lib/gcc/avr/4.3.3/avr5\libgcc.a(_prologue.o)
 .bss           0x00800198        0x0 c:/winavr-20100110/bin/../lib/gcc/avr/4.3.3/avr5\libgcc.a(_epilogue.o)
 .bss           0x00800198        0x0 c:/winavr-20100110/bin/../lib/gcc/avr/4.3.3/avr5\libgcc.a(_clzsi2.o)
 .bss           0x00800198        0x0 c:/winavr-20100110/bin/../lib/gcc/avr/4.3.3/avr5\libgcc.a(_pack_sf.o)
 .bss           0x00800198        0x0 c:/winavr-20100110/bin/../lib/gcc/avr/4.3.3/avr5\libgcc.a(_unpack_sf.o)
 .bss           0x00800198        0x0 c:/winavr-20100110/bin/../lib/gcc/avr/4.3.3/avr5\libgcc.a(_fpcmp_parts_sf.o)
 .bss           0x00800198        0x0 c:/winavr-20100110/bin/../lib/gcc/avr/4.3.3/avr5\libgcc.a(_clz.o)
 *(.bss*)
 .bss.distance  0x00800198        0x2 ./01-Source/04-Application/main.o
                0x00800198                distance
 .bss.left_dis  0x0080019a        0x2 ./01-Source/04-Application/main.o
                0x0080019a                left_dis
 .bss.Right_dis
                0x0080019c        0x2 ./01-Source/04-Application/main.o
                0x0080019c                Right_dis
 .bss.No_of_over_flows_timer2
                0x0080019e        0x4 ./01-Source/03-Services/SCM/source/SCM.o
                0x0080019e                No_of_over_flows_timer2
 .bss.sensor_working
                0x008001a2        0x1 ./01-Source/02-HAL/11-Ultrasonic/source/ultrasonic.o
                0x008001a2                sensor_working
 .bss.rising_edge
                0x008001a3        0x1 ./01-Source/02-HAL/11-Ultrasonic/source/ultrasonic.o
                0x008001a3                rising_edge
 .bss.Time_ms   0x008001a4        0x4 ./01-Source/02-HAL/04-SSD/source/SSD.o
                0x008001a4                Time_ms
 .bss.RxValue   0x008001a8        0x1 ./01-Source/01-MCAL/06-UART/source/UART.o
                0x008001a8                RxValue
 .bss.Top       0x008001a9        0x4 ./01-Source/01-MCAL/05-PWM1/source/PWM1.o
 .bss.No_of_over_flows
                0x008001ad        0x4 ./01-Source/01-MCAL/04-TIMER0/source/TIMER0.o
                0x008001ad                No_of_over_flows
 *(COMMON)
 COMMON         0x008001b1       0x3c ./01-Source/03-Services/SCM/source/SCM.o
                0x008001b1                Task_Array
 COMMON         0x008001ed        0x6 ./01-Source/01-MCAL/04-TIMER0/source/TIMER0.o
                0x008001ed                tick_time
                0x008001f1                funcptr
                0x008001f3                PROVIDE (__bss_end, .)
                0x0000266a                __data_load_start = LOADADDR (.data)
                0x000027a2                __data_load_end = (__data_load_start + SIZEOF (.data))

.noinit         0x008001f3        0x0
                0x008001f3                PROVIDE (__noinit_start, .)
 *(.noinit*)
                0x008001f3                PROVIDE (__noinit_end, .)
                0x008001f3                _end = .
                0x008001f3                PROVIDE (__heap_start, .)

.eeprom         0x00810000        0x0
 *(.eeprom*)
                0x00810000                __eeprom_end = .

.fuse
 *(.fuse)
 *(.lfuse)
 *(.hfuse)
 *(.efuse)

.lock
 *(.lock*)

.signature
 *(.signature*)

.stab           0x00000000     0x5178
 *(.stab)
 .stab          0x00000000      0x9c0 ./01-Source/04-Application/main.o
 .stab          0x000009c0      0x324 ./01-Source/03-Services/SCM/source/SCM.o
                                0x660 (size before relaxing)
 .stab          0x00000ce4      0x318 ./01-Source/02-HAL/11-Ultrasonic/source/ultrasonic.o
                                0x678 (size before relaxing)
 .stab          0x00000ffc      0x2b8 ./01-Source/02-HAL/10-Servo/source/servo.o
                                0x558 (size before relaxing)
 .stab          0x000012b4      0x24c ./01-Source/02-HAL/09-HC-05/source/HC-05.o
                                0x4f8 (size before relaxing)
 .stab          0x00001500      0x498 ./01-Source/02-HAL/08-Motor_driver/source/Motor_driver.o
                                0x5a0 (size before relaxing)
 .stab          0x00001998      0x3b4 ./01-Source/02-HAL/07-SSD_3bits/source/SSD_3bits.o
                                0x63c (size before relaxing)
 .stab          0x00001d4c      0x210 ./01-Source/02-HAL/06-LM35/source/LM35.o
                                0x4d4 (size before relaxing)
 .stab          0x00001f5c      0x6f0 ./01-Source/02-HAL/05-LCD/source/lcd.o
                                0x9b4 (size before relaxing)
 .stab          0x0000264c      0x474 ./01-Source/02-HAL/04-SSD/source/SSD.o
                                0x7d4 (size before relaxing)
 .stab          0x00002ac0      0x1a4 ./01-Source/02-HAL/03-Buzzer/source/Buzzer.o
                                0x2ac (size before relaxing)
 .stab          0x00002c64      0x1a4 ./01-Source/02-HAL/02-Relay/source/Relay.o
                                0x2ac (size before relaxing)
 .stab          0x00002e08      0x228 ./01-Source/02-HAL/01-Button/source/Button.o
                                0x330 (size before relaxing)
 .stab          0x00003030      0x2b8 ./01-Source/02-HAL/00-LED/source/Led.o
                                0x3e4 (size before relaxing)
 .stab          0x000032e8      0x294 ./01-Source/01-MCAL/10-TIMER2/source/timer2.o
                                0x5f4 (size before relaxing)
 .stab          0x0000357c      0x1d4 ./01-Source/01-MCAL/09-EEPROM/source/EEPROM.o
                                0x264 (size before relaxing)
 .stab          0x00003750      0x3e4 ./01-Source/01-MCAL/08-I2C/source/I2C.o
                                0x474 (size before relaxing)
 .stab          0x00003b34      0x2b8 ./01-Source/01-MCAL/07-SPI/source/SPI.o
                                0x348 (size before relaxing)
 .stab          0x00003dec      0x2d0 ./01-Source/01-MCAL/06-UART/source/UART.o
                                0x588 (size before relaxing)
 .stab          0x000040bc      0x258 ./01-Source/01-MCAL/05-PWM1/source/PWM1.o
                                0x360 (size before relaxing)
 .stab          0x00004314      0x378 ./01-Source/01-MCAL/04-TIMER0/source/TIMER0.o
                                0x6d8 (size before relaxing)
 .stab          0x0000468c      0x2ac ./01-Source/01-MCAL/03-ADC/source/ADC.o
                                0x348 (size before relaxing)
 .stab          0x00004938      0x414 ./01-Source/01-MCAL/02-GINT/socure/GINT.o
                                0x504 (size before relaxing)
 .stab          0x00004d4c      0x42c ./01-Source/01-MCAL/01 DIO/source/DIO.o
                                0x534 (size before relaxing)

.stabstr        0x00000000     0x2811
 *(.stabstr)
 .stabstr       0x00000000     0x2811 ./01-Source/04-Application/main.o

.stab.excl
 *(.stab.excl)

.stab.exclstr
 *(.stab.exclstr)

.stab.index
 *(.stab.index)

.stab.indexstr
 *(.stab.indexstr)

.comment
 *(.comment)

.debug
 *(.debug)

.line
 *(.line)

.debug_srcinfo
 *(.debug_srcinfo)

.debug_sfnames
 *(.debug_sfnames)

.debug_aranges  0x00000000      0x180
 *(.debug_aranges)
 .debug_aranges
                0x00000000       0x20 c:/winavr-20100110/bin/../lib/gcc/avr/4.3.3/avr5\libgcc.a(_fixunssfsi.o)
 .debug_aranges
                0x00000020       0x20 c:/winavr-20100110/bin/../lib/gcc/avr/4.3.3/avr5\libgcc.a(_addsub_sf.o)
 .debug_aranges
                0x00000040       0x20 c:/winavr-20100110/bin/../lib/gcc/avr/4.3.3/avr5\libgcc.a(_mul_sf.o)
 .debug_aranges
                0x00000060       0x20 c:/winavr-20100110/bin/../lib/gcc/avr/4.3.3/avr5\libgcc.a(_div_sf.o)
 .debug_aranges
                0x00000080       0x20 c:/winavr-20100110/bin/../lib/gcc/avr/4.3.3/avr5\libgcc.a(_ge_sf.o)
 .debug_aranges
                0x000000a0       0x20 c:/winavr-20100110/bin/../lib/gcc/avr/4.3.3/avr5\libgcc.a(_si_to_sf.o)
 .debug_aranges
                0x000000c0       0x20 c:/winavr-20100110/bin/../lib/gcc/avr/4.3.3/avr5\libgcc.a(_sf_to_si.o)
 .debug_aranges
                0x000000e0       0x20 c:/winavr-20100110/bin/../lib/gcc/avr/4.3.3/avr5\libgcc.a(_usi_to_sf.o)
 .debug_aranges
                0x00000100       0x20 c:/winavr-20100110/bin/../lib/gcc/avr/4.3.3/avr5\libgcc.a(_clzsi2.o)
 .debug_aranges
                0x00000120       0x20 c:/winavr-20100110/bin/../lib/gcc/avr/4.3.3/avr5\libgcc.a(_pack_sf.o)
 .debug_aranges
                0x00000140       0x20 c:/winavr-20100110/bin/../lib/gcc/avr/4.3.3/avr5\libgcc.a(_unpack_sf.o)
 .debug_aranges
                0x00000160       0x20 c:/winavr-20100110/bin/../lib/gcc/avr/4.3.3/avr5\libgcc.a(_fpcmp_parts_sf.o)

.debug_pubnames
                0x00000000      0x1d8
 *(.debug_pubnames)
 .debug_pubnames
                0x00000000       0x23 c:/winavr-20100110/bin/../lib/gcc/avr/4.3.3/avr5\libgcc.a(_fixunssfsi.o)
 .debug_pubnames
                0x00000023       0x2c c:/winavr-20100110/bin/../lib/gcc/avr/4.3.3/avr5\libgcc.a(_addsub_sf.o)
 .debug_pubnames
                0x0000004f       0x1f c:/winavr-20100110/bin/../lib/gcc/avr/4.3.3/avr5\libgcc.a(_mul_sf.o)
 .debug_pubnames
                0x0000006e       0x1f c:/winavr-20100110/bin/../lib/gcc/avr/4.3.3/avr5\libgcc.a(_div_sf.o)
 .debug_pubnames
                0x0000008d       0x1e c:/winavr-20100110/bin/../lib/gcc/avr/4.3.3/avr5\libgcc.a(_ge_sf.o)
 .debug_pubnames
                0x000000ab       0x22 c:/winavr-20100110/bin/../lib/gcc/avr/4.3.3/avr5\libgcc.a(_si_to_sf.o)
 .debug_pubnames
                0x000000cd       0x20 c:/winavr-20100110/bin/../lib/gcc/avr/4.3.3/avr5\libgcc.a(_sf_to_si.o)
 .debug_pubnames
                0x000000ed       0x22 c:/winavr-20100110/bin/../lib/gcc/avr/4.3.3/avr5\libgcc.a(_thenan_sf.o)
 .debug_pubnames
                0x0000010f       0x24 c:/winavr-20100110/bin/../lib/gcc/avr/4.3.3/avr5\libgcc.a(_usi_to_sf.o)
 .debug_pubnames
                0x00000133       0x1f c:/winavr-20100110/bin/../lib/gcc/avr/4.3.3/avr5\libgcc.a(_clzsi2.o)
 .debug_pubnames
                0x00000152       0x1f c:/winavr-20100110/bin/../lib/gcc/avr/4.3.3/avr5\libgcc.a(_pack_sf.o)
 .debug_pubnames
                0x00000171       0x21 c:/winavr-20100110/bin/../lib/gcc/avr/4.3.3/avr5\libgcc.a(_unpack_sf.o)
 .debug_pubnames
                0x00000192       0x26 c:/winavr-20100110/bin/../lib/gcc/avr/4.3.3/avr5\libgcc.a(_fpcmp_parts_sf.o)
 .debug_pubnames
                0x000001b8       0x20 c:/winavr-20100110/bin/../lib/gcc/avr/4.3.3/avr5\libgcc.a(_clz.o)

.debug_info     0x00000000     0x2114
 *(.debug_info)
 .debug_info    0x00000000       0xb1 c:/winavr-20100110/bin/../lib/gcc/avr/4.3.3/avr5\libgcc.a(_fixunssfsi.o)
 .debug_info    0x000000b1      0x47a c:/winavr-20100110/bin/../lib/gcc/avr/4.3.3/avr5\libgcc.a(_addsub_sf.o)
 .debug_info    0x0000052b      0x485 c:/winavr-20100110/bin/../lib/gcc/avr/4.3.3/avr5\libgcc.a(_mul_sf.o)
 .debug_info    0x000009b0      0x3fc c:/winavr-20100110/bin/../lib/gcc/avr/4.3.3/avr5\libgcc.a(_div_sf.o)
 .debug_info    0x00000dac      0x27f c:/winavr-20100110/bin/../lib/gcc/avr/4.3.3/avr5\libgcc.a(_ge_sf.o)
 .debug_info    0x0000102b      0x207 c:/winavr-20100110/bin/../lib/gcc/avr/4.3.3/avr5\libgcc.a(_si_to_sf.o)
 .debug_info    0x00001232      0x2b0 c:/winavr-20100110/bin/../lib/gcc/avr/4.3.3/avr5\libgcc.a(_sf_to_si.o)
 .debug_info    0x000014e2      0x12c c:/winavr-20100110/bin/../lib/gcc/avr/4.3.3/avr5\libgcc.a(_thenan_sf.o)
 .debug_info    0x0000160e      0x206 c:/winavr-20100110/bin/../lib/gcc/avr/4.3.3/avr5\libgcc.a(_usi_to_sf.o)
 .debug_info    0x00001814      0x117 c:/winavr-20100110/bin/../lib/gcc/avr/4.3.3/avr5\libgcc.a(_clzsi2.o)
 .debug_info    0x0000192b      0x2df c:/winavr-20100110/bin/../lib/gcc/avr/4.3.3/avr5\libgcc.a(_pack_sf.o)
 .debug_info    0x00001c0a      0x251 c:/winavr-20100110/bin/../lib/gcc/avr/4.3.3/avr5\libgcc.a(_unpack_sf.o)
 .debug_info    0x00001e5b      0x210 c:/winavr-20100110/bin/../lib/gcc/avr/4.3.3/avr5\libgcc.a(_fpcmp_parts_sf.o)
 .debug_info    0x0000206b       0xa9 c:/winavr-20100110/bin/../lib/gcc/avr/4.3.3/avr5\libgcc.a(_clz.o)
 *(.gnu.linkonce.wi.*)

.debug_abbrev   0x00000000     0x121a
 *(.debug_abbrev)
 .debug_abbrev  0x00000000       0x5d c:/winavr-20100110/bin/../lib/gcc/avr/4.3.3/avr5\libgcc.a(_fixunssfsi.o)
 .debug_abbrev  0x0000005d      0x1ea c:/winavr-20100110/bin/../lib/gcc/avr/4.3.3/avr5\libgcc.a(_addsub_sf.o)
 .debug_abbrev  0x00000247      0x21b c:/winavr-20100110/bin/../lib/gcc/avr/4.3.3/avr5\libgcc.a(_mul_sf.o)
 .debug_abbrev  0x00000462      0x216 c:/winavr-20100110/bin/../lib/gcc/avr/4.3.3/avr5\libgcc.a(_div_sf.o)
 .debug_abbrev  0x00000678      0x15a c:/winavr-20100110/bin/../lib/gcc/avr/4.3.3/avr5\libgcc.a(_ge_sf.o)
 .debug_abbrev  0x000007d2      0x148 c:/winavr-20100110/bin/../lib/gcc/avr/4.3.3/avr5\libgcc.a(_si_to_sf.o)
 .debug_abbrev  0x0000091a      0x17f c:/winavr-20100110/bin/../lib/gcc/avr/4.3.3/avr5\libgcc.a(_sf_to_si.o)
 .debug_abbrev  0x00000a99       0xad c:/winavr-20100110/bin/../lib/gcc/avr/4.3.3/avr5\libgcc.a(_thenan_sf.o)
 .debug_abbrev  0x00000b46      0x157 c:/winavr-20100110/bin/../lib/gcc/avr/4.3.3/avr5\libgcc.a(_usi_to_sf.o)
 .debug_abbrev  0x00000c9d       0xc4 c:/winavr-20100110/bin/../lib/gcc/avr/4.3.3/avr5\libgcc.a(_clzsi2.o)
 .debug_abbrev  0x00000d61      0x1c0 c:/winavr-20100110/bin/../lib/gcc/avr/4.3.3/avr5\libgcc.a(_pack_sf.o)
 .debug_abbrev  0x00000f21      0x154 c:/winavr-20100110/bin/../lib/gcc/avr/4.3.3/avr5\libgcc.a(_unpack_sf.o)
 .debug_abbrev  0x00001075      0x13b c:/winavr-20100110/bin/../lib/gcc/avr/4.3.3/avr5\libgcc.a(_fpcmp_parts_sf.o)
 .debug_abbrev  0x000011b0       0x6a c:/winavr-20100110/bin/../lib/gcc/avr/4.3.3/avr5\libgcc.a(_clz.o)

.debug_line     0x00000000     0x1165
 *(.debug_line)
 .debug_line    0x00000000       0xa7 c:/winavr-20100110/bin/../lib/gcc/avr/4.3.3/avr5\libgcc.a(_fixunssfsi.o)
 .debug_line    0x000000a7      0x2af c:/winavr-20100110/bin/../lib/gcc/avr/4.3.3/avr5\libgcc.a(_addsub_sf.o)
 .debug_line    0x00000356      0x239 c:/winavr-20100110/bin/../lib/gcc/avr/4.3.3/avr5\libgcc.a(_mul_sf.o)
 .debug_line    0x0000058f      0x1d5 c:/winavr-20100110/bin/../lib/gcc/avr/4.3.3/avr5\libgcc.a(_div_sf.o)
 .debug_line    0x00000764       0xd3 c:/winavr-20100110/bin/../lib/gcc/avr/4.3.3/avr5\libgcc.a(_ge_sf.o)
 .debug_line    0x00000837      0x135 c:/winavr-20100110/bin/../lib/gcc/avr/4.3.3/avr5\libgcc.a(_si_to_sf.o)
 .debug_line    0x0000096c      0x109 c:/winavr-20100110/bin/../lib/gcc/avr/4.3.3/avr5\libgcc.a(_sf_to_si.o)
 .debug_line    0x00000a75       0x90 c:/winavr-20100110/bin/../lib/gcc/avr/4.3.3/avr5\libgcc.a(_thenan_sf.o)
 .debug_line    0x00000b05      0x133 c:/winavr-20100110/bin/../lib/gcc/avr/4.3.3/avr5\libgcc.a(_usi_to_sf.o)
 .debug_line    0x00000c38       0xa5 c:/winavr-20100110/bin/../lib/gcc/avr/4.3.3/avr5\libgcc.a(_clzsi2.o)
 .debug_line    0x00000cdd      0x18a c:/winavr-20100110/bin/../lib/gcc/avr/4.3.3/avr5\libgcc.a(_pack_sf.o)
 .debug_line    0x00000e67      0x14b c:/winavr-20100110/bin/../lib/gcc/avr/4.3.3/avr5\libgcc.a(_unpack_sf.o)
 .debug_line    0x00000fb2      0x137 c:/winavr-20100110/bin/../lib/gcc/avr/4.3.3/avr5\libgcc.a(_fpcmp_parts_sf.o)
 .debug_line    0x000010e9       0x7c c:/winavr-20100110/bin/../lib/gcc/avr/4.3.3/avr5\libgcc.a(_clz.o)

.debug_frame    0x00000000      0x1a0
 *(.debug_frame)
 .debug_frame   0x00000000       0x20 c:/winavr-20100110/bin/../lib/gcc/avr/4.3.3/avr5\libgcc.a(_fixunssfsi.o)
 .debug_frame   0x00000020       0x40 c:/winavr-20100110/bin/../lib/gcc/avr/4.3.3/avr5\libgcc.a(_addsub_sf.o)
 .debug_frame   0x00000060       0x20 c:/winavr-20100110/bin/../lib/gcc/avr/4.3.3/avr5\libgcc.a(_mul_sf.o)
 .debug_frame   0x00000080       0x20 c:/winavr-20100110/bin/../lib/gcc/avr/4.3.3/avr5\libgcc.a(_div_sf.o)
 .debug_frame   0x000000a0       0x20 c:/winavr-20100110/bin/../lib/gcc/avr/4.3.3/avr5\libgcc.a(_ge_sf.o)
 .debug_frame   0x000000c0       0x20 c:/winavr-20100110/bin/../lib/gcc/avr/4.3.3/avr5\libgcc.a(_si_to_sf.o)
 .debug_frame   0x000000e0       0x20 c:/winavr-20100110/bin/../lib/gcc/avr/4.3.3/avr5\libgcc.a(_sf_to_si.o)
 .debug_frame   0x00000100       0x20 c:/winavr-20100110/bin/../lib/gcc/avr/4.3.3/avr5\libgcc.a(_usi_to_sf.o)
 .debug_frame   0x00000120       0x20 c:/winavr-20100110/bin/../lib/gcc/avr/4.3.3/avr5\libgcc.a(_clzsi2.o)
 .debug_frame   0x00000140       0x20 c:/winavr-20100110/bin/../lib/gcc/avr/4.3.3/avr5\libgcc.a(_pack_sf.o)
 .debug_frame   0x00000160       0x20 c:/winavr-20100110/bin/../lib/gcc/avr/4.3.3/avr5\libgcc.a(_unpack_sf.o)
 .debug_frame   0x00000180       0x20 c:/winavr-20100110/bin/../lib/gcc/avr/4.3.3/avr5\libgcc.a(_fpcmp_parts_sf.o)

.debug_str      0x00000000      0x2f7
 *(.debug_str)
 .debug_str     0x00000000       0xbf c:/winavr-20100110/bin/../lib/gcc/avr/4.3.3/avr5\libgcc.a(_fixunssfsi.o)
                                 0xfe (size before relaxing)
 .debug_str     0x000000bf      0x14d c:/winavr-20100110/bin/../lib/gcc/avr/4.3.3/avr5\libgcc.a(_addsub_sf.o)
                                0x206 (size before relaxing)
 .debug_str     0x0000020c       0x27 c:/winavr-20100110/bin/../lib/gcc/avr/4.3.3/avr5\libgcc.a(_mul_sf.o)
                                0x1bf (size before relaxing)
 .debug_str     0x00000233       0x35 c:/winavr-20100110/bin/../lib/gcc/avr/4.3.3/avr5\libgcc.a(_div_sf.o)
                                0x1c8 (size before relaxing)
 .debug_str     0x00000268        0x8 c:/winavr-20100110/bin/../lib/gcc/avr/4.3.3/avr5\libgcc.a(_ge_sf.o)
                                0x195 (size before relaxing)
 .debug_str     0x00000270       0x1e c:/winavr-20100110/bin/../lib/gcc/avr/4.3.3/avr5\libgcc.a(_si_to_sf.o)
                                0x17b (size before relaxing)
 .debug_str     0x0000028e        0xa c:/winavr-20100110/bin/../lib/gcc/avr/4.3.3/avr5\libgcc.a(_sf_to_si.o)
                                0x19e (size before relaxing)
 .debug_str     0x00000000      0x103 c:/winavr-20100110/bin/../lib/gcc/avr/4.3.3/avr5\libgcc.a(_thenan_sf.o)
 .debug_str     0x00000298       0x14 c:/winavr-20100110/bin/../lib/gcc/avr/4.3.3/avr5\libgcc.a(_usi_to_sf.o)
                                0x177 (size before relaxing)
 .debug_str     0x000002ac       0x20 c:/winavr-20100110/bin/../lib/gcc/avr/4.3.3/avr5\libgcc.a(_clzsi2.o)
                                0x111 (size before relaxing)
 .debug_str     0x000002cc       0x10 c:/winavr-20100110/bin/../lib/gcc/avr/4.3.3/avr5\libgcc.a(_pack_sf.o)
                                0x19d (size before relaxing)
 .debug_str     0x000002dc        0xb c:/winavr-20100110/bin/../lib/gcc/avr/4.3.3/avr5\libgcc.a(_unpack_sf.o)
                                0x17f (size before relaxing)
 .debug_str     0x000002e7       0x10 c:/winavr-20100110/bin/../lib/gcc/avr/4.3.3/avr5\libgcc.a(_fpcmp_parts_sf.o)
                                0x163 (size before relaxing)
 .debug_str     0x00000000       0xf4 c:/winavr-20100110/bin/../lib/gcc/avr/4.3.3/avr5\libgcc.a(_clz.o)

.debug_loc      0x00000000      0x9a2
 *(.debug_loc)
 .debug_loc     0x00000000       0x34 c:/winavr-20100110/bin/../lib/gcc/avr/4.3.3/avr5\libgcc.a(_fixunssfsi.o)
 .debug_loc     0x00000034      0x32a c:/winavr-20100110/bin/../lib/gcc/avr/4.3.3/avr5\libgcc.a(_addsub_sf.o)
 .debug_loc     0x0000035e      0x104 c:/winavr-20100110/bin/../lib/gcc/avr/4.3.3/avr5\libgcc.a(_mul_sf.o)
 .debug_loc     0x00000462       0xc0 c:/winavr-20100110/bin/../lib/gcc/avr/4.3.3/avr5\libgcc.a(_div_sf.o)
 .debug_loc     0x00000522       0x3c c:/winavr-20100110/bin/../lib/gcc/avr/4.3.3/avr5\libgcc.a(_ge_sf.o)
 .debug_loc     0x0000055e       0xac c:/winavr-20100110/bin/../lib/gcc/avr/4.3.3/avr5\libgcc.a(_si_to_sf.o)
 .debug_loc     0x0000060a       0x7e c:/winavr-20100110/bin/../lib/gcc/avr/4.3.3/avr5\libgcc.a(_sf_to_si.o)
 .debug_loc     0x00000688       0x4c c:/winavr-20100110/bin/../lib/gcc/avr/4.3.3/avr5\libgcc.a(_usi_to_sf.o)
 .debug_loc     0x000006d4       0x94 c:/winavr-20100110/bin/../lib/gcc/avr/4.3.3/avr5\libgcc.a(_clzsi2.o)
 .debug_loc     0x00000768      0x13e c:/winavr-20100110/bin/../lib/gcc/avr/4.3.3/avr5\libgcc.a(_pack_sf.o)
 .debug_loc     0x000008a6       0xac c:/winavr-20100110/bin/../lib/gcc/avr/4.3.3/avr5\libgcc.a(_unpack_sf.o)
 .debug_loc     0x00000952       0x50 c:/winavr-20100110/bin/../lib/gcc/avr/4.3.3/avr5\libgcc.a(_fpcmp_parts_sf.o)

.debug_macinfo
 *(.debug_macinfo)
OUTPUT(Embedded_project.elf elf32-avr)
LOAD linker stubs

.debug_ranges   0x00000000       0x50
 .debug_ranges  0x00000000       0x50 c:/winavr-20100110/bin/../lib/gcc/avr/4.3.3/avr5\libgcc.a(_mul_sf.o)
